// Jest Snapshot v1, https://goo.gl/fbAQLP

exports[`::Components ::Atoms ::ArrowDownIcon renders icon of ArrowDownIcon 1`] = `
<svg
  class="undefined"
  preserveAspectRatio="none"
  role="image"
  viewBox="0 0 24 24"
  xmlns="http://www.w3.org/2000/svg"
>
  <path
    d="M0 0h24v24H0V0z"
    fill="none"
  />
  <path
    d="M7.41 8.59L12 13.17l4.59-4.58L18 10l-6 6-6-6 1.41-1.41z"
    fill=""
  />
</svg>
`;
