// Jest Snapshot v1, https://goo.gl/fbAQLP

exports[`::Components ::Atoms ::Button renders Button 1`] = `
<button
  class="icon-button large primary dark"
  role="button"
/>
`;
