// Jest Snapshot v1, https://goo.gl/fbAQLP

exports[`::Components ::Organisms ::Todo renders Todo 1`] = `
<div
  class="todo-panel"
  data-testid="todo"
  role="group"
>
  <div
    class="todo-menu"
    role="group"
  >
    <div
      style="opacity: 0; width: 0px;"
    >
      <button
        class="icon-button complete-button"
        role="button"
        title="Uncheck all todos"
      >
        <svg
          class="list-icon"
          preserveAspectRatio="none"
          role="image"
          viewBox="0 0 24 24"
          xmlns="http://www.w3.org/2000/svg"
        >
          <path
            d="M0 0h24v24H0V0z"
            fill="none"
          />
          <path
            d="M7.41 8.59L12 13.17l4.59-4.58L18 10l-6 6-6-6 1.41-1.41z"
            fill=""
          />
        </svg>
      </button>
    </div>
    <input
      class="title-input hidden"
      name="title"
      placeholder="What needs to be done?"
      role="textbox"
      type="text"
      value=""
    />
  </div>
  <ul
    class="todo-list"
    role="list"
  />
  <div
    class="todo-footer"
    role="group"
  >
    <span
      class="todo-count"
    >
      <strong>
        0
        Â 
      </strong>
      item left
    </span>
    <ul
      class="todo-filters"
    >
      <li>
        <a
          class="todo-filter "
          href="#/"
          title="Filter all todo tasks"
        >
          All
        </a>
      </li>
      <li>
        <a
          class="todo-filter "
          href="#/active"
          title="Filter active todo tasks"
        >
          Active
        </a>
      </li>
      <li>
        <a
          class="todo-filter active"
          href="#/completed"
          title="Filter completed todo tasks"
        >
          Completed
        </a>
      </li>
    </ul>
    <button
      class="icon-button small primary gray"
      role="button"
      title="Clear Completed"
    >
      Clear Completed
    </button>
  </div>
</div>
`;
