// Jest Snapshot v1, https://goo.gl/fbAQLP

exports[`::Components ::Molecules ::TodoFooter renders TodoFooter 1`] = `
<div
  class="todo-footer"
  role="group"
>
  <span
    class="todo-count"
  >
    <strong>
      0
      Â 
    </strong>
    item left
  </span>
  <ul
    class="todo-filters"
  >
    <li>
      <a
        class="todo-filter "
        href="#/"
        title="Filter all todo tasks"
      >
        All
      </a>
    </li>
    <li>
      <a
        class="todo-filter "
        href="#/active"
        title="Filter active todo tasks"
      >
        Active
      </a>
    </li>
    <li>
      <a
        class="todo-filter active"
        href="#/completed"
        title="Filter completed todo tasks"
      >
        Completed
      </a>
    </li>
  </ul>
  <button
    class="icon-button small primary gray"
    role="button"
    title="Clear Completed"
  >
    Clear Completed
  </button>
</div>
`;
